// Vitest Snapshot v1

exports[`Palette > renders a palette from piped arguments 1`] = `
<DocumentFragment>
  <div
    class="_app-root_v9n3v_1"
  >
    <div
      class="_palette_66plf_1"
      tabindex="-1"
    >
      <input
        class="_input_li5gy_1"
        data-testid="filter-input"
        id="filter-input"
        placeholder="Search..."
        value=""
      />
      <div
        class="_palette-items_66plf_11"
      >
        <div
          class="_palette-grid_1vnjn_1 _columns-3_1vnjn_11"
        >
          <button
            class="_palette-item_40xso_1 _selected_40xso_16"
            data-selected="true"
            data-testid="palette-item-first"
          >
            <div
              class="_palette-item-right_40xso_24"
            >
              <p>
                first
              </p>
              <p
                class="_palette-item-description_40xso_27"
              />
            </div>
          </button>
          <button
            class="_palette-item_40xso_1"
            data-selected="false"
            data-testid="palette-item-second"
          >
            <div
              class="_palette-item-right_40xso_24"
            >
              <p>
                second
              </p>
              <p
                class="_palette-item-description_40xso_27"
              />
            </div>
          </button>
          <button
            class="_palette-item_40xso_1"
            data-selected="false"
            data-testid="palette-item-third"
          >
            <div
              class="_palette-item-right_40xso_24"
            >
              <p>
                third
              </p>
              <p
                class="_palette-item-description_40xso_27"
              />
            </div>
          </button>
        </div>
      </div>
    </div>
  </div>
</DocumentFragment>
`;
